{"timestamp":"2026-10-01T11:29:37.989Z","actor":"admin@dynamicdost.com","action":"login","resource":"session","ip":"::1","userAgent":"Mozilla/5.0 (iPhone; CPU iPhone OS 18_5 like Mac OS X) AppleWebKit/605.1.15 (KHTML, like Gecko) Version/18.5 Mobile/15E148 Safari/604.1","result":"success"}
{"timestamp":"2026-10-01T11:31:32.217Z","actor":"admin@dynamicdost.com","action":"upload","resource":"image","resourceId":"1790854292157-d2a300b6e98a3e6e.webp","result":"success","details":"40330 bytes"}
{"timestamp":"2026-10-01T11:35:22.385Z","actor":"admin@dynamicdost.com","action":"upload","resource":"image","resourceId":"1790854522325-da9aa75215b504e0.webp","result":"success","details":"40330 bytes"}
{"timestamp":"2026-10-01T11:35:26.586Z","actor":"admin@dynamicdost.com","action":"create","resource":"product","resourceId":"zp-1790854526586","result":"success","details":"xx"}
{"timestamp":"2026-10-01T11:35:41.097Z","actor":"admin@dynamicdost.com","action":"create","resource":"product","resourceId":"zp-1790854541096","result":"success","details":"xx"}
{"timestamp":"2026-10-01T11:39:29.149Z","actor":"admin@dynamicdost.com","action":"create","resource":"product","resourceId":"zp-1790854769148","result":"success","details":"xx"}
{"timestamp":"2026-10-01T13:31:56.254Z","actor":"admin@dynamicdost.com","action":"login","resource":"session","ip":"::1","userAgent":"Mozilla/5.0 (Macintosh; Intel Mac OS X 10_15_7) AppleWebKit/537.36 (KHTML, like Gecko) Chrome/154.0.0.0 Safari/537.36","result":"success"}
{"timestamp":"2026-10-01T13:32:01.088Z","actor":"admin@dynamicdost.com","action":"delete","resource":"product","resourceId":"zp-1790854526586","result":"success"}
{"timestamp":"2026-10-01T13:32:04.823Z","actor":"admin@dynamicdost.com","action":"delete","resource":"product","resourceId":"zp-1790854541096","result":"success"}
{"timestamp":"2026-10-01T13:32:23.814Z","actor":"admin@dynamicdost.com","action":"upload","resource":"image","resourceId":"1790861543802-5804d0d12b5b5080.webp","result":"success","details":"9070 bytes"}
{"timestamp":"2026-10-01T13:32:29.520Z","actor":"admin@dynamicdost.com","action":"create","resource":"product","resourceId":"zp-1790861549519","result":"success","details":"zx"}
{"timestamp":"2026-10-01T13:32:37.567Z","actor":"admin@dynamicdost.com","action":"logout","resource":"session","result":"success"}
{"timestamp":"2026-10-02T05:58:09.270Z","actor":"admin@dynamicdost.com","action":"login","resource":"session","ip":"::1","userAgent":"Mozilla/5.0 (Macintosh; Intel Mac OS X 10_15_7) AppleWebKit/537.36 (KHTML, like Gecko) Chrome/154.0.0.0 Safari/537.36","result":"success"}
{"timestamp":"2026-10-02T05:58:13.516Z","actor":"admin@dynamicdost.com","action":"delete","resource":"product","resourceId":"zp-1790854769148","result":"success"}
{"timestamp":"2026-10-02T05:58:16.176Z","actor":"admin@dynamicdost.com","action":"delete","resource":"product","resourceId":"zp-1790861549519","result":"success"}
{"timestamp":"2026-10-02T07:04:45.973Z","actor":"admin@dynamicdost.com","action":"upload","resource":"image","resourceId":"1790924685920-4576b1dceacb8c48.webp","result":"success","details":"16400 bytes"}
{"timestamp":"2026-10-02T07:04:48.821Z","actor":"admin@dynamicdost.com","action":"create","resource":"product","resourceId":"zp-1790924688821","result":"success","details":"#CFC THUMB PULLER 2.24GM"}
{"timestamp":"2026-10-02T07:06:23.679Z","actor":"admin@dynamicdost.com","action":"upload","resource":"image","resourceId":"1790924783625-747cfc7d3f14eb3c.webp","result":"success","details":"36466 bytes"}
{"timestamp":"2026-10-02T07:06:25.943Z","actor":"admin@dynamicdost.com","action":"create","resource":"product","resourceId":"zp-1790924785942","result":"success","details":"#Cfc ultra spring lock gun metal 2.94gm black finish"}
{"timestamp":"2026-10-02T07:07:02.121Z","actor":"admin@dynamicdost.com","action":"upload","resource":"image","resourceId":"1790924822064-f9af9d656bf114ae.webp","result":"success","details":"12218 bytes"}
{"timestamp":"2026-10-02T07:07:04.981Z","actor":"admin@dynamicdost.com","action":"create","resource":"product","resourceId":"zp-1790924824980","result":"success","details":"#cfc auto lock white sidha 2.21gm"}
{"timestamp":"2026-10-02T07:08:19.037Z","actor":"admin@dynamicdost.com","action":"upload","resource":"image","resourceId":"1790924898973-6c088acb959c7bdb.webp","result":"success","details":"29404 bytes"}
{"timestamp":"2026-10-02T07:08:21.366Z","actor":"admin@dynamicdost.com","action":"create","resource":"product","resourceId":"zp-1790924901365","result":"success","details":"#3 1.25 gm"}
{"timestamp":"2026-10-02T07:08:59.011Z","actor":"admin@dynamicdost.com","action":"upload","resource":"image","resourceId":"1790924938950-77191e2cadae1ac2.webp","result":"success","details":"24574 bytes"}
{"timestamp":"2026-10-02T07:09:03.254Z","actor":"admin@dynamicdost.com","action":"create","resource":"product","resourceId":"zp-1790924943253","result":"success","details":"#5"}
{"timestamp":"2026-10-02T07:09:13.726Z","actor":"admin@dynamicdost.com","action":"update","resource":"product","resourceId":"zp-1790924943253","result":"success","details":"#5"}
{"timestamp":"2026-10-02T07:10:32.584Z","actor":"admin@dynamicdost.com","action":"upload","resource":"image","resourceId":"1790925032538-987e9ccee7b0c353.webp","result":"success","details":"22824 bytes"}
{"timestamp":"2026-10-02T07:10:36.028Z","actor":"admin@dynamicdost.com","action":"create","resource":"product","resourceId":"zp-1790925036027","result":"success","details":"#3 cfc spring lock reverse black Nicole 1.05gm"}
{"timestamp":"2026-10-02T07:11:11.378Z","actor":"admin@dynamicdost.com","action":"upload","resource":"image","resourceId":"1790925071319-9774d3eec8fde39f.webp","result":"success","details":"24574 bytes"}
{"timestamp":"2026-10-02T07:11:26.625Z","actor":"admin@dynamicdost.com","action":"upload","resource":"image","resourceId":"1790925086557-369f5c2db8cb2ff9.webp","result":"success","details":"36466 bytes"}
{"timestamp":"2026-10-02T07:11:30.422Z","actor":"admin@dynamicdost.com","action":"delete","resource":"image","resourceId":"/products/uploads/1790925071319-9774d3eec8fde39f.webp","result":"success"}
{"timestamp":"2026-10-02T07:11:34.860Z","actor":"admin@dynamicdost.com","action":"delete","resource":"image","resourceId":"/products/uploads/1790925086557-369f5c2db8cb2ff9.webp","result":"success"}
{"timestamp":"2026-10-02T07:12:24.969Z","actor":"admin@dynamicdost.com","action":"upload","resource":"image","resourceId":"1790925144908-c2c4bbc59a179411.webp","result":"success","details":"36466 bytes"}
{"timestamp":"2026-10-02T07:12:31.217Z","actor":"admin@dynamicdost.com","action":"delete","resource":"image","resourceId":"/products/uploads/1790925144908-c2c4bbc59a179411.webp","result":"success"}
{"timestamp":"2026-10-02T07:12:48.673Z","actor":"admin@dynamicdost.com","action":"upload","resource":"image","resourceId":"1790925168627-c58441b3f2db2027.webp","result":"success","details":"16072 bytes"}
{"timestamp":"2026-10-02T07:12:51.395Z","actor":"admin@dynamicdost.com","action":"create","resource":"product","resourceId":"zp-1790925171392","result":"success","details":"#cfc spring lock sidha white necklace 1.05 gm"}
{"timestamp":"2026-10-02T07:13:21.772Z","actor":"admin@dynamicdost.com","action":"upload","resource":"image","resourceId":"1790925201723-078b844030ca433c.webp","result":"success","details":"21348 bytes"}
{"timestamp":"2026-10-02T07:13:24.687Z","actor":"admin@dynamicdost.com","action":"create","resource":"product","resourceId":"zp-1790925204686","result":"success","details":"#3 spring lock sidha black Nickle gun metal 1.05gm"}
{"timestamp":"2026-10-02T07:13:52.175Z","actor":"admin@dynamicdost.com","action":"upload","resource":"image","resourceId":"1790925232127-61432101222da640.webp","result":"success","details":"15498 bytes"}
{"timestamp":"2026-10-02T07:13:54.679Z","actor":"admin@dynamicdost.com","action":"create","resource":"product","resourceId":"zp-1790925234677","result":"success","details":"#3 (1.05 gm)"}
{"timestamp":"2026-10-02T07:14:44.517Z","actor":"admin@dynamicdost.com","action":"delete","resource":"image","resourceId":"/products/uploads/1790925201723-078b844030ca433c.webp","result":"success"}
{"timestamp":"2026-10-02T07:15:01.034Z","actor":"admin@dynamicdost.com","action":"upload","resource":"image","resourceId":"1790925300965-09c5aeba8e74377b.webp","result":"success","details":"14646 bytes"}
{"timestamp":"2026-10-02T07:15:03.328Z","actor":"admin@dynamicdost.com","action":"update","resource":"product","resourceId":"zp-1790925204686","result":"success","details":"#3 spring lock sidha black Nickle gun metal 1.05gm"}
{"timestamp":"2026-10-02T07:15:44.884Z","actor":"admin@dynamicdost.com","action":"upload","resource":"image","resourceId":"1790925344815-a3e30cf129dd3c8a.webp","result":"success","details":"33944 bytes"}
{"timestamp":"2026-10-02T07:15:47.261Z","actor":"admin@dynamicdost.com","action":"create","resource":"product","resourceId":"zp-1790925347260","result":"success","details":"#5 visilon thumb puller black 2.31gm"}
{"timestamp":"2026-10-02T07:16:17.462Z","actor":"admin@dynamicdost.com","action":"upload","resource":"image","resourceId":"1790925377371-1362e9fda75cf5f6.webp","result":"success","details":"56328 bytes"}
{"timestamp":"2026-10-02T07:16:19.647Z","actor":"admin@dynamicdost.com","action":"create","resource":"product","resourceId":"zp-1790925379646","result":"success","details":"DNA Metal Zipper Slider – Die Cast – Auto Lock"}
{"timestamp":"2026-10-02T07:16:50.879Z","actor":"admin@dynamicdost.com","action":"upload","resource":"image","resourceId":"1790925410781-071ba44bd51f7f0f.webp","result":"success","details":"68184 bytes"}
{"timestamp":"2026-10-02T07:16:53.187Z","actor":"admin@dynamicdost.com","action":"create","resource":"product","resourceId":"zp-1790925413187","result":"success","details":"Long Puller Non-Lock Material: MetaL"}
{"timestamp":"2026-10-02T07:17:11.447Z","actor":"admin@dynamicdost.com","action":"delete","resource":"image","resourceId":"/products/uploads/1790925300965-09c5aeba8e74377b.webp","result":"success"}
{"timestamp":"2026-10-02T07:17:29.803Z","actor":"admin@dynamicdost.com","action":"update","resource":"product","resourceId":"zp-1790925204686","result":"success","details":"#3 spring lock sidha black Nickle gun metal 1.05gm"}
{"timestamp":"2026-10-02T07:17:40.452Z","actor":"admin@dynamicdost.com","action":"update","resource":"product","resourceId":"zp-1790925234677","result":"success","details":"#3 (1.05 gm)"}
{"timestamp":"2026-10-02T07:18:45.056Z","actor":"admin@dynamicdost.com","action":"update","resource":"product","resourceId":"zp-1790925204686","result":"success","details":"#3 spring lock sidha black Nickle gun metal 1.05gm"}
{"timestamp":"2026-10-02T07:19:07.467Z","actor":"admin@dynamicdost.com","action":"delete","resource":"product","resourceId":"zp-1790925204686","result":"success"}
{"timestamp":"2026-10-04T10:53:39.090Z","actor":"admin@dynamicdost.com","action":"login","resource":"session","ip":"::1","userAgent":"Mozilla/5.0 (Macintosh; Intel Mac OS X 10_15_7) AppleWebKit/537.36 (KHTML, like Gecko) Chrome/154.0.0.0 Safari/537.36","result":"success"}
{"timestamp":"2026-10-04T10:54:14.705Z","actor":"admin@dynamicdost.com","action":"login","resource":"session","ip":"::1","userAgent":"Mozilla/5.0 (Macintosh; Intel Mac OS X 10_15_7) AppleWebKit/537.36 (KHTML, like Gecko) Chrome/154.0.0.0 Safari/537.36","result":"success"}
{"timestamp":"2026-10-04T10:54:33.110Z","actor":"admin@dynamicdost.com","action":"upload","resource":"image","resourceId":"1791111273055-e943cb3680a72bb7.webp","result":"success","details":"14646 bytes"}
{"timestamp":"2026-10-04T10:57:12.648Z","actor":"admin@dynamicdost.com","action":"create","resource":"product","resourceId":"zp-1791111432646","result":"success","details":"#5 auto lock plastic chain"}
{"timestamp":"2026-10-04T10:59:27.073Z","actor":"admin@dynamicdost.com","action":"upload","resource":"image","resourceId":"1791111566967-93325c656762bee8.webp","result":"success","details":"284898 bytes"}
{"timestamp":"2026-10-04T10:59:29.090Z","actor":"admin@dynamicdost.com","action":"create","resource":"product","resourceId":"zp-1791111569089","result":"success","details":"25mm polyester webbing tape"}
{"timestamp":"2026-10-05T07:31:06.695Z","actor":"admin@dynamicdost.com","action":"login","resource":"session","ip":"::1","userAgent":"Mozilla/5.0 (Macintosh; Intel Mac OS X 10_15_7) AppleWebKit/537.36 (KHTML, like Gecko) Chrome/154.0.0.0 Safari/537.36","result":"success"}
{"timestamp":"2026-10-05T09:56:59.953Z","actor":"admin@dynamicdost.com","action":"login","resource":"session","ip":"::1","userAgent":"Mozilla/5.0 (Macintosh; Intel Mac OS X 10_15_7) AppleWebKit/537.36 (KHTML, like Gecko) Chrome/154.0.0.0 Safari/537.36","result":"success"}
{"timestamp":"2026-10-05T09:57:23.821Z","actor":"admin@dynamicdost.com","action":"upload","resource":"image","resourceId":"1791194243732-f7c20ecd38ee2e37.webp","result":"success","details":"17178 bytes"}
{"timestamp":"2026-10-05T09:57:38.495Z","actor":"admin@dynamicdost.com","action":"delete","resource":"image","resourceId":"/products/uploads/1790925377371-1362e9fda75cf5f6.webp","result":"success"}
{"timestamp":"2026-10-05T09:57:43.274Z","actor":"admin@dynamicdost.com","action":"update","resource":"product","resourceId":"zp-1790925379646","result":"success","details":"DNA Metal Zipper Slider – Die Cast – Auto Lock"}
{"timestamp":"2026-10-05T10:00:11.800Z","actor":"admin@dynamicdost.com","action":"login","resource":"session","ip":"::1","userAgent":"Mozilla/5.0 (Macintosh; Intel Mac OS X 10_15_7) AppleWebKit/537.36 (KHTML, like Gecko) Chrome/154.0.0.0 Safari/537.36","result":"success"}
{"timestamp":"2026-10-05T10:25:06.648Z","actor":"admin@dynamicdost.com","action":"upload","resource":"image","resourceId":"1791195906586-f2ac68dba9878f72.webp","result":"success","details":"33104 bytes"}
{"timestamp":"2026-10-05T10:25:09.028Z","actor":"admin@dynamicdost.com","action":"create","resource":"product","resourceId":"zp-1791195909027","result":"success","details":"#5 Plastic Vislon / Molded Plastic Zipper Slider (Auto-Locking Type)"}
{"timestamp":"2026-10-05T10:26:08.306Z","actor":"admin@dynamicdost.com","action":"upload","resource":"image","resourceId":"1791195968250-ac232257e1ee4cd1.webp","result":"success","details":"25198 bytes"}
{"timestamp":"2026-10-05T10:26:10.603Z","actor":"admin@dynamicdost.com","action":"create","resource":"product","resourceId":"zp-1791195970601","result":"success","details":"•  #5 Hybrid Metal-Plastic Injection Slider (Auto-Locking Type) "}
{"timestamp":"2026-10-05T10:52:13.971Z","actor":"admin@dynamicdost.com","action":"login","resource":"session","ip":"::1","userAgent":"Mozilla/5.0 (Macintosh; Intel Mac OS X 10_15_7) AppleWebKit/537.36 (KHTML, like Gecko) Chrome/154.0.0.0 Safari/537.36","result":"success"}
{"timestamp":"2026-10-05T10:52:23.670Z","actor":"admin@dynamicdost.com","action":"upload","resource":"image","resourceId":"1791197543581-185043bda0511213.webp","result":"success","details":"206268 bytes"}
{"timestamp":"2026-10-05T10:52:47.726Z","actor":"admin@dynamicdost.com","action":"create","resource":"product","resourceId":"zp-1791197567724","result":"success","details":"Plain / Solid Webbing"}
{"timestamp":"2026-10-05T10:52:54.191Z","actor":"admin@dynamicdost.com","action":"delete","resource":"product","resourceId":"zp-1791111569089","result":"success"}
{"timestamp":"2026-10-05T10:55:01.259Z","actor":"admin@dynamicdost.com","action":"upload","resource":"image","resourceId":"1791197701170-d632b262dc67dcf8.webp","result":"success","details":"235652 bytes"}
{"timestamp":"2026-10-05T10:55:03.222Z","actor":"admin@dynamicdost.com","action":"create","resource":"product","resourceId":"zp-1791197703220","result":"success","details":"Printed Webbing — logos, graphics, patterns or text printed on the tape"}
{"timestamp":"2026-10-05T10:56:37.327Z","actor":"admin@dynamicdost.com","action":"upload","resource":"image","resourceId":"1791197797231-bd594ab8400c6653.webp","result":"success","details":"258976 bytes"}
{"timestamp":"2026-10-05T10:56:39.473Z","actor":"admin@dynamicdost.com","action":"create","resource":"product","resourceId":"zp-1791197799472","result":"success","details":"Jacquard Webbing — patterns/designs woven directly into the tape"}
{"timestamp":"2026-10-05T10:58:33.605Z","actor":"admin@dynamicdost.com","action":"upload","resource":"image","resourceId":"1791197913513-f3a6bd51c8509480.webp","result":"success","details":"215874 bytes"}
{"timestamp":"2026-10-05T10:58:36.025Z","actor":"admin@dynamicdost.com","action":"create","resource":"product","resourceId":"zp-1791197916024","result":"success","details":"Logo Woven Webbing — brand names/logos woven into the construction"}
{"timestamp":"2026-10-05T10:59:51.577Z","actor":"admin@dynamicdost.com","action":"upload","resource":"image","resourceId":"1791197991484-b5c9c1bd6ae4f5c6.webp","result":"success","details":"222156 bytes"}
{"timestamp":"2026-10-05T10:59:53.515Z","actor":"admin@dynamicdost.com","action":"create","resource":"product","resourceId":"zp-1791197993514","result":"success","details":"Striped Webbing — single or multiple longitudinal stripes"}
{"timestamp":"2026-10-05T11:01:27.431Z","actor":"admin@dynamicdost.com","action":"upload","resource":"image","resourceId":"1791198087322-463815239f3e4649.webp","result":"success","details":"237386 bytes"}
{"timestamp":"2026-10-05T11:01:29.861Z","actor":"admin@dynamicdost.com","action":"create","resource":"product","resourceId":"zp-1791198089859","result":"success","details":"Two-Tone Webbing — two contrasting colours woven together"}
{"timestamp":"2026-10-05T11:03:28.518Z","actor":"admin@dynamicdost.com","action":"upload","resource":"image","resourceId":"1791198208421-49fc9f1d39e70bef.webp","result":"success","details":"265094 bytes"}
{"timestamp":"2026-10-05T11:03:30.982Z","actor":"admin@dynamicdost.com","action":"create","resource":"product","resourceId":"zp-1791198210981","result":"success","details":"Melange Webbing — blended/mixed-colour yarn appearance"}
{"timestamp":"2026-10-05T11:05:17.031Z","actor":"admin@dynamicdost.com","action":"upload","resource":"image","resourceId":"1791198316931-edf59d59d8a2610f.webp","result":"success","details":"235462 bytes"}
{"timestamp":"2026-10-05T11:05:19.650Z","actor":"admin@dynamicdost.com","action":"create","resource":"product","resourceId":"zp-1791198319648","result":"success","details":"Elastic Webbing — stretchable webbing for garments, sportswear and medical applications"}
{"timestamp":"2026-10-05T11:07:11.845Z","actor":"admin@dynamicdost.com","action":"upload","resource":"image","resourceId":"1791198431747-20bc34cac2ae48aa.webp","result":"success","details":"221118 bytes"}
{"timestamp":"2026-10-05T11:07:13.986Z","actor":"admin@dynamicdost.com","action":"create","resource":"product","resourceId":"zp-1791198433984","result":"success","details":"Heavy-Duty Webbing — high-strength construction for luggage, automotive, outdoor and industrial applications"}
{"timestamp":"2026-10-05T11:08:56.224Z","actor":"admin@dynamicdost.com","action":"upload","resource":"image","resourceId":"1791198536131-d5717aed79efbf53.webp","result":"success","details":"230364 bytes"}
{"timestamp":"2026-10-05T11:08:58.291Z","actor":"admin@dynamicdost.com","action":"create","resource":"product","resourceId":"zp-1791198538289","result":"success","details":"Technical Webbing — engineered webbing for specialized performance requirements"}
{"timestamp":"2026-10-05T11:10:53.210Z","actor":"admin@dynamicdost.com","action":"upload","resource":"image","resourceId":"1791198653119-3431add03da07d7e.webp","result":"success","details":"224254 bytes"}
{"timestamp":"2026-10-05T11:10:55.883Z","actor":"admin@dynamicdost.com","action":"create","resource":"product","resourceId":"zp-1791198655881","result":"success","details":"Metallic / Special-Effect Webbing — metallic yarns or special visual effects"}
{"timestamp":"2026-10-05T11:12:25.864Z","actor":"admin@dynamicdost.com","action":"upload","resource":"image","resourceId":"1791198745770-aeee5f98b4268c33.webp","result":"success","details":"235120 bytes"}
{"timestamp":"2026-10-05T11:12:28.478Z","actor":"admin@dynamicdost.com","action":"create","resource":"product","resourceId":"zp-1791198748476","result":"success","details":"Custom Pantone Webbing — colour-matched to a specific Pantone requirement"}
{"timestamp":"2026-10-05T11:15:38.315Z","actor":"admin@dynamicdost.com","action":"upload","resource":"image","resourceId":"1791198938211-019b895b88e2c276.webp","result":"success","details":"250694 bytes"}
{"timestamp":"2026-10-05T11:15:40.694Z","actor":"admin@dynamicdost.com","action":"create","resource":"product","resourceId":"zp-1791198940692","result":"success","details":"Metal Teeth -- Brass Aluminum Zinc alloy Nickel-plated / antique finishes"}
{"timestamp":"2026-10-05T11:24:42.647Z","actor":"admin@dynamicdost.com","action":"upload","resource":"image","resourceId":"1791199482558-e0b7bcefb309f936.webp","result":"success","details":"216764 bytes"}
{"timestamp":"2026-10-05T11:24:44.646Z","actor":"admin@dynamicdost.com","action":"create","resource":"product","resourceId":"zp-1791199484644","result":"success","details":"Molded Plastic Teeth -- Injection-molded polymer teeth Common for jackets, bags, luggage and outdoor products"}
{"timestamp":"2026-10-05T11:24:59.513Z","actor":"admin@dynamicdost.com","action":"update","resource":"product","resourceId":"zp-1791198940692","result":"success","details":"Metal Teeth -- Brass Aluminum Zinc alloy Nickel-plated / antique finishes"}
{"timestamp":"2026-10-05T11:25:10.620Z","actor":"admin@dynamicdost.com","action":"update","resource":"product","resourceId":"zp-1791199484644","result":"success","details":"Molded Plastic Teeth -- Injection-molded polymer teeth Common for jackets, bags, luggage and outdoor products"}
{"timestamp":"2026-10-05T11:26:40.164Z","actor":"admin@dynamicdost.com","action":"upload","resource":"image","resourceId":"1791199600071-9bbf6f71a4abe04c.webp","result":"success","details":"214556 bytes"}
{"timestamp":"2026-10-05T11:26:41.425Z","actor":"admin@dynamicdost.com","action":"create","resource":"product","resourceId":"zp-1791199601423","result":"success","details":"Coil Teeth -- Nylon/polyester spiral coil Lightweight and flexible Widely used in garments and bags"}
{"timestamp":"2026-10-05T11:28:55.199Z","actor":"admin@dynamicdost.com","action":"upload","resource":"image","resourceId":"1791199735106-882086aa76182e6f.webp","result":"success","details":"202950 bytes"}
{"timestamp":"2026-10-05T11:28:58.242Z","actor":"admin@dynamicdost.com","action":"create","resource":"product","resourceId":"zp-1791199738240","result":"success","details":"Invisible Teeth / Invisible Coil  Teeth  -- are hidden behind the zipper tape Common in dresses, skirts and premium apparel"}
{"timestamp":"2026-10-05T11:30:36.734Z","actor":"admin@dynamicdost.com","action":"upload","resource":"image","resourceId":"1791199836647-55c3eb5634634eef.webp","result":"success","details":"189592 bytes"}
{"timestamp":"2026-10-05T11:30:43.854Z","actor":"admin@dynamicdost.com","action":"create","resource":"product","resourceId":"zp-1791199843854","result":"success","details":"Reverse Coil Teeth  -- Coil positioned on the reverse side Clean outer appearance Used in outdoor and technical apparel"}
{"timestamp":"2026-10-05T11:33:24.083Z","actor":"admin@dynamicdost.com","action":"upload","resource":"image","resourceId":"1791200004009-7af7a5e386beef90.webp","result":"success","details":"104952 bytes"}
{"timestamp":"2026-10-05T11:33:26.384Z","actor":"admin@dynamicdost.com","action":"create","resource":"product","resourceId":"zp-1791200006383","result":"success","details":"Waterproof / Water-Resistant Teeth  -- Usually combined with PU-coated tape Used for outdoor, rainwear, luggage and technical applications"}
{"timestamp":"2026-10-05T11:36:11.136Z","actor":"admin@dynamicdost.com","action":"upload","resource":"image","resourceId":"1791200171057-1157c5d944af562a.webp","result":"success","details":"137414 bytes"}
{"timestamp":"2026-10-05T11:36:14.634Z","actor":"admin@dynamicdost.com","action":"create","resource":"product","resourceId":"zp-1791200174632","result":"success","details":"Heavy-Duty Molded Teeth  Larger, stronger injection-molded teeth Used for luggage, backpacks, workwear and industrial applications"}
{"timestamp":"2026-10-05T11:37:59.699Z","actor":"admin@dynamicdost.com","action":"upload","resource":"image","resourceId":"1791200279618-4010503d6916cb89.webp","result":"success","details":"145468 bytes"}
{"timestamp":"2026-10-05T11:38:02.111Z","actor":"admin@dynamicdost.com","action":"create","resource":"product","resourceId":"zp-1791200282109","result":"success","details":"Heavy-Duty Metal Teeth  Larger metal teeth for high-strength applications Used in denim, leather, boots, bags and industrial products"}
{"timestamp":"2026-10-05T11:39:39.158Z","actor":"admin@dynamicdost.com","action":"upload","resource":"image","resourceId":"1791200379080-06dd6b7215bbbc03.webp","result":"success","details":"127200 bytes"}
{"timestamp":"2026-10-05T11:39:41.545Z","actor":"admin@dynamicdost.com","action":"create","resource":"product","resourceId":"zp-1791200381544","result":"success","details":"Special-Shape / Decorative Metal Teeth  Custom tooth shapes and finishes Used for fashion and premium products"}
{"timestamp":"2026-10-05T11:57:43.779Z","actor":"admin@dynamicdost.com","action":"upload","resource":"image","resourceId":"1791201463673-09305ac13560166a.webp","result":"success","details":"78362 bytes"}
{"timestamp":"2026-10-05T11:57:45.759Z","actor":"admin@dynamicdost.com","action":"create","resource":"product","resourceId":"zp-1791201465758","result":"success","details":"Teardrop / Diamond Pull Tab"}
{"timestamp":"2026-10-05T19:08:34.670Z","actor":"admin@dynamicdost.com","action":"login","resource":"session","ip":"::1","userAgent":"Mozilla/5.0 (Macintosh; Intel Mac OS X 10_15_7) AppleWebKit/537.36 (KHTML, like Gecko) Chrome/154.0.0.0 Safari/537.36","result":"success"}
{"timestamp":"2026-10-05T19:09:09.855Z","actor":"admin@dynamicdost.com","action":"upload","resource":"image","resourceId":"1791227349775-400499d39f3c61e1.webp","result":"success","details":"183074 bytes"}
{"timestamp":"2026-10-05T19:09:12.949Z","actor":"admin@dynamicdost.com","action":"create","resource":"product","resourceId":"zp-1791227352947","result":"success","details":"WOVEN LABELS"}
{"timestamp":"2026-10-05T19:09:31.335Z","actor":"admin@dynamicdost.com","action":"upload","resource":"image","resourceId":"1791227371240-1ff1917dab99707f.webp","result":"success","details":"244788 bytes"}
{"timestamp":"2026-10-05T19:09:34.184Z","actor":"admin@dynamicdost.com","action":"create","resource":"product","resourceId":"zp-1791227374182","result":"success","details":"PRINTED LABELS"}
{"timestamp":"2026-10-05T19:09:50.030Z","actor":"admin@dynamicdost.com","action":"upload","resource":"image","resourceId":"1791227389926-b632d639d7eff4e2.webp","result":"success","details":"292788 bytes"}
{"timestamp":"2026-10-05T19:09:52.549Z","actor":"admin@dynamicdost.com","action":"create","resource":"product","resourceId":"zp-1791227392547","result":"success","details":"JACQUARD LABELS"}
{"timestamp":"2026-10-05T19:10:09.693Z","actor":"admin@dynamicdost.com","action":"upload","resource":"image","resourceId":"1791227409590-fa98c3e5d4087148.webp","result":"success","details":"222616 bytes"}
{"timestamp":"2026-10-05T19:10:11.231Z","actor":"admin@dynamicdost.com","action":"create","resource":"product","resourceId":"zp-1791227411225","result":"success","details":"HEAT TRANSFER"}
{"timestamp":"2026-10-05T19:10:30.017Z","actor":"admin@dynamicdost.com","action":"upload","resource":"image","resourceId":"1791227429919-8251eea1ae3f2ca8.webp","result":"success","details":"197632 bytes"}
{"timestamp":"2026-10-05T19:10:37.265Z","actor":"admin@dynamicdost.com","action":"create","resource":"product","resourceId":"zp-1791227437263","result":"success","details":"SILICONE LABELS"}
{"timestamp":"2026-10-05T19:10:56.945Z","actor":"admin@dynamicdost.com","action":"upload","resource":"image","resourceId":"1791227456848-c50a5cbc54183140.webp","result":"success","details":"179012 bytes"}
{"timestamp":"2026-10-05T19:10:59.058Z","actor":"admin@dynamicdost.com","action":"create","resource":"product","resourceId":"zp-1791227459055","result":"success","details":"RUBBER LABELS"}
{"timestamp":"2026-10-05T19:11:18.325Z","actor":"admin@dynamicdost.com","action":"upload","resource":"image","resourceId":"1791227478227-02f0a5b71d00f35a.webp","result":"success","details":"249930 bytes"}
{"timestamp":"2026-10-05T19:11:20.304Z","actor":"admin@dynamicdost.com","action":"create","resource":"product","resourceId":"zp-1791227480303","result":"success","details":"LEATHER LABELS"}
{"timestamp":"2026-10-05T19:11:36.947Z","actor":"admin@dynamicdost.com","action":"upload","resource":"image","resourceId":"1791227496860-4ac1eb152c24ad72.webp","result":"success","details":"173712 bytes"}
{"timestamp":"2026-10-05T19:11:38.859Z","actor":"admin@dynamicdost.com","action":"create","resource":"product","resourceId":"zp-1791227498855","result":"success","details":"TPU LABELS"}
{"timestamp":"2026-10-05T19:11:55.309Z","actor":"admin@dynamicdost.com","action":"upload","resource":"image","resourceId":"1791227515217-2f1689fdaeebd5b8.webp","result":"success","details":"142668 bytes"}
{"timestamp":"2026-10-05T19:11:57.825Z","actor":"admin@dynamicdost.com","action":"create","resource":"product","resourceId":"zp-1791227517824","result":"success","details":"REFLECTIVE LABELS"}
{"timestamp":"2026-10-05T19:12:14.366Z","actor":"admin@dynamicdost.com","action":"upload","resource":"image","resourceId":"1791227534269-79862b89a26171cc.webp","result":"success","details":"191842 bytes"}
{"timestamp":"2026-10-05T19:12:26.798Z","actor":"admin@dynamicdost.com","action":"create","resource":"product","resourceId":"zp-1791227546790","result":"success","details":"METALLIC LABELS"}
{"timestamp":"2026-10-05T19:49:07.870Z","actor":"admin@dynamicdost.com","action":"login","resource":"session","ip":"::1","userAgent":"Mozilla/5.0 (Macintosh; Intel Mac OS X 10_15_7) AppleWebKit/537.36 (KHTML, like Gecko) Chrome/154.0.0.0 Safari/537.36","result":"success"}
{"timestamp":"2026-10-05T19:49:19.609Z","actor":"admin@dynamicdost.com","action":"update","resource":"product","resourceId":"zp-1791197567724","result":"success","details":"Plain / Solid Webbing"}
